// Jest Snapshot v1, https://goo.gl/fbAQLP

exports[`List should properly render list without children 1`] = `
<div
  className="wrapper"
>
  <div
    className="title"
  >
    <span
      className="header"
    >
      Test list
    </span>
  </div>
  <div
    className="row"
  >
    <div
      className="
        column-name
        align-content-left
        flex-1
      "
    >
      <label
        className="label"
        htmlFor={null}
      >
        test1
      </label>
    </div>
  </div>
  <div
    className="list"
    onScroll={[Function]}
  >
    <div
      className="empty"
    >
      <span
        className="text false"
      >
        There are no elements
      </span>
    </div>
  </div>
  <div
    className="shadow"
    style={
      Object {
        "width": 0,
      }
    }
  />
</div>
`;
